C51 COMPILER V8.12   PCTOUC                                                                03/02/2013 09:47:24 PAGE 1   


C51 COMPILER V8.12, COMPILATION OF MODULE PCTOUC
OBJECT MODULE PLACED IN pctouc.OBJ
COMPILER INVOKED BY: C:\Keil\C51\BIN\C51.EXE pctouc.c BROWSE DEBUG OBJECTEXTEND

line level    source

   1          #include<regx51.h>
   2          #include<stdio.h>
   3          
   4          void delay(int d) {
   5   1       int i, j;
   6   1       for(i=0;i<d;i++) {
   7   2        for(j=0;j<255;j++) {
   8   3         ;
   9   3        }
  10   2       }
  11   1      }
  12          
  13          
  14          void main()
  15          {
  16   1              unsigned char temp;
  17   1              while(1)
  18   1              {
  19   2                  temp = P2;
  20   2              temp = temp >> 4;
  21   2              temp = temp & 0x0f;
  22   2              if(temp == 5 || temp==6 || temp==7 || temp==9){
  23   3                      if(temp == 5){
  24   4                              P1 = 4; // ARM Left
  25   4                  }else if(temp == 6){
  26   4                              P1 = 8; // ARM Right
  27   4                      }else if(temp == 7){
  28   4                              P1 = 1; // ARM Open
  29   4                      }else if(temp == 9){
  30   4                              P1 = 2; // ARM Close
  31   4                      }
  32   3                      
  33   3      
  34   3              }else{
  35   3                      P1 = 0;
  36   3              }
  37   2                       delay(100);
  38   2              }
  39   1      }


MODULE INFORMATION:   STATIC OVERLAYABLE
   CODE SIZE        =    111    ----
   CONSTANT SIZE    =   ----    ----
   XDATA SIZE       =   ----    ----
   PDATA SIZE       =   ----    ----
   DATA SIZE        =   ----    ----
   IDATA SIZE       =   ----    ----
   BIT SIZE         =   ----    ----
END OF MODULE INFORMATION.


C51 COMPILATION COMPLETE.  0 WARNING(S),  0 ERROR(S)
